<html>
<body>
<pre>
<h1>µVision Build Log</h1>
<h2>Project:</h2>
C:\Users\Alex\Desktop\GitHub\UVision-Boilerplate-Project\Boiler Plate\BoilerPlate.uvproj
Project File Date:  12/09/2015

<h2>Output:</h2>
Rebuild target 'MCBSTM32E Flash'
assembling startup_stm32f10x_hd.s...
compiling system_stm32f10x.c...
compiling BoilerPlate.c...
compiling GLCD_16bitIF_STM32.c...
compiling IRQ.c...
compiling LED_Functions.c...
compiling LCD_Functions.c...
compiling Button_Functions.c...
linking...
Program Size: Code=4562 RO-data=6610 RW-data=40 ZI-data=1024  
".\Flash\Blinky.axf" - 0 Errors, 0 Warning(s).
Rebuild target 'MCBSTM32E Flash'
assembling startup_stm32f10x_hd.s...
compiling system_stm32f10x.c...
compiling BoilerPlate.c...
Button_Functions.h(18): warning:  #1-D: last line of file ends without a newline
BoilerPlate.c(114): warning:  #9-D: nested comment is not allowed
BoilerPlate.c(163): warning:  #111-D: statement is unreachable
BoilerPlate.c(66): warning:  #177-D: variable "i" was declared but never referenced
compiling GLCD_16bitIF_STM32.c...
compiling IRQ.c...
Button_Functions.h(18): warning:  #1-D: last line of file ends without a newline
compiling LED_Functions.c...
compiling LCD_Functions.c...
compiling Button_Functions.c...
Button_Functions.c(129): warning:  #1-D: last line of file ends without a newline
linking...
Program Size: Code=4582 RO-data=6610 RW-data=36 ZI-data=1028  
".\Flash\Blinky.axf" - 0 Errors, 6 Warning(s).
Clean started: Project: 'BoilerPlate'
   deleting intermediate output files for target 'Simulator'
   deleting intermediate output files for target 'MCBSTM32E Flash'
   deleting intermediate output files for target 'MCBSTM32E RAM'
   deleting intermediate output files for target 'MCBSTM32E Trace'
Build target 'MCBSTM32E Flash'
assembling startup_stm32f10x_hd.s...
compiling system_stm32f10x.c...
compiling BoilerPlate.c...
BoilerPlate.c(126): warning:  #9-D: nested comment is not allowed
BoilerPlate.c(175): warning:  #111-D: statement is unreachable
BoilerPlate.c(78): warning:  #177-D: variable "i" was declared but never referenced
compiling GLCD_16bitIF_STM32.c...
compiling IRQ.c...
compiling LED_Functions.c...
compiling LCD_Functions.c...
compiling Button_Functions.c...
linking...
Program Size: Code=4626 RO-data=6610 RW-data=36 ZI-data=1028  
".\Flash\Blinky.axf" - 0 Errors, 3 Warning(s).
Rebuild target 'MCBSTM32E Flash'
assembling startup_stm32f10x_hd.s...
compiling system_stm32f10x.c...
compiling BoilerPlate.c...
BoilerPlate.c(126): warning:  #9-D: nested comment is not allowed
BoilerPlate.c(175): warning:  #111-D: statement is unreachable
BoilerPlate.c(78): warning:  #177-D: variable "i" was declared but never referenced
compiling GLCD_16bitIF_STM32.c...
compiling IRQ.c...
compiling LED_Functions.c...
compiling LCD_Functions.c...
compiling Button_Functions.c...
linking...
Program Size: Code=4626 RO-data=6610 RW-data=36 ZI-data=1028  
".\Flash\Blinky.axf" - 0 Errors, 3 Warning(s).
Rebuild target 'MCBSTM32E Flash'
assembling startup_stm32f10x_hd.s...
compiling system_stm32f10x.c...
compiling BoilerPlate.c...
BoilerPlate.c(130): warning:  #9-D: nested comment is not allowed
BoilerPlate.c(179): warning:  #111-D: statement is unreachable
BoilerPlate.c(82): warning:  #177-D: variable "i" was declared but never referenced
compiling GLCD_16bitIF_STM32.c...
compiling IRQ.c...
compiling LED_Functions.c...
compiling LCD_Functions.c...
compiling Button_Functions.c...
linking...
Program Size: Code=4846 RO-data=6610 RW-data=36 ZI-data=1028  
".\Flash\Blinky.axf" - 0 Errors, 3 Warning(s).
Load "C:\\Users\\Alex\\Desktop\\GitHub\\UVision-Boilerplate-Project\\Boiler Plate\\Flash\\Blinky.axf" 
Erase Done.
Programming Done.
Verify OK.
Rebuild target 'MCBSTM32E Flash'
assembling startup_stm32f10x_hd.s...
compiling system_stm32f10x.c...
compiling BoilerPlate.c...
BoilerPlate.c(130): warning:  #9-D: nested comment is not allowed
BoilerPlate.c(180): warning:  #111-D: statement is unreachable
BoilerPlate.c(82): warning:  #177-D: variable "i" was declared but never referenced
compiling GLCD_16bitIF_STM32.c...
compiling IRQ.c...
compiling LED_Functions.c...
compiling LCD_Functions.c...
compiling Button_Functions.c...
linking...
Program Size: Code=4850 RO-data=6610 RW-data=36 ZI-data=1028  
".\Flash\Blinky.axf" - 0 Errors, 3 Warning(s).
Load "C:\\Users\\Alex\\Desktop\\GitHub\\UVision-Boilerplate-Project\\Boiler Plate\\Flash\\Blinky.axf" 
Erase Done.
Programming Done.
Verify OK.
